
> avocat-next-3@0.1.0 build
> next build

▲ Next.js 16.2.1 (Turbopack)

⚠ The "middleware" file convention is deprecated. Please use "proxy" instead. Learn more: https://nextjs.org/docs/messages/middleware-to-proxy
  Creating an optimized production build ...
✓ Compiled successfully in 13.1s
  Running TypeScript ...
  Finished TypeScript in 8.5s ...
  Collecting page data using 5 workers ...
  Generating static pages using 5 workers (0/3) ...
✓ Generating static pages using 5 workers (3/3) in 1586ms
  Finalizing page optimization ...

Route (app)
┌ ○ /_not-found
└ ƒ /[locale]


ƒ Proxy (Middleware)

○  (Static)   prerendered as static content
ƒ  (Dynamic)  server-rendered on demand

